Archive Project report for coursework
Thu Nov 14 13:05:40 2019
Quartus Prime Version 18.1.1 Build 646 04/11/2019 SJ Lite Edition


---------------------
; Table of Contents ;
---------------------
  1. Legal Notice
  2. Archive Project Summary
  3. Archive Project Messages
  4. Files Archived



----------------
; Legal Notice ;
----------------
Copyright (C) 2019  Intel Corporation. All rights reserved.
Your use of Intel Corporation's design tools, logic functions 
and other software and tools, and any partner logic 
functions, and any output files from any of the foregoing 
(including device programming or simulation files), and any 
associated documentation or information are expressly subject 
to the terms and conditions of the Intel Program License 
Subscription Agreement, the Intel Quartus Prime License Agreement,
the Intel FPGA IP License Agreement, or other applicable license
agreement, including, without limitation, that your use is for
the sole purpose of programming logic devices manufactured by
Intel and sold by Intel or its authorized distributors.  Please
refer to the applicable agreement for further details, at
https://fpgasoftware.intel.com/eula.



+----------------------------------------------------------------+
; Archive Project Summary                                        ;
+------------------------+---------------------------------------+
; Archive Project Status ; Successful - Thu Nov 14 13:05:40 2019 ;
; Revision Name          ; coursework                            ;
; Top-level Entity Name  ; processor                             ;
; Family                 ; MAX 10                                ;
+------------------------+---------------------------------------+


+--------------------------+
; Archive Project Messages ;
+--------------------------+
Info: File Set 'Source control' contains:
    Info: Project source and settings files
    Info: Automatically detected source files
Warning: Hierarchical Platform Designer systems and custom IP components(_hw.tcl and associated files) are not archived by the Quartus Archiver
Info: Archive will store files relative to the closest common parent directory
Info (13213): Using common directory /cs/student/ug/2019/kchawla/Downloads/engChallenge1/
Info: ----------------------------------------------------------
Info: ----------------------------------------------------------
Info: Generated archive '/cs/student/ug/2019/kchawla/Downloads/engChallenge1/project.qar'
Info: ----------------------------------------------------------
Info: ----------------------------------------------------------
Info: Generated report 'coursework.archive.rpt'
Info (23030): Evaluation of Tcl script /usr/local/Quartus/quartus/common/tcl/apps/qpm/qar.tcl was successful
Info: Quartus Prime Shell was successful. 0 errors, 1 warning
    Info: Peak virtual memory: 1134 megabytes
    Info: Processing ended: Thu Nov 14 13:05:41 2019
    Info: Elapsed time: 00:00:01
    Info: Total CPU time (on all processors): 00:00:01


+-------------------------------+
; Files Archived                ;
+-------------------------------+
; File Name                     ;
+-------------------------------+
; adder.bdf                     ;
; adder32bitTWO.bdf             ;
; ALU.bdf                       ;
; ALUcL.bdf                     ;
; ALUcL.bsf                     ;
; ALUdec.bdf                    ;
; ALUdec.bsf                    ;
; assignment_defaults.qdf       ;
; blink.bdf                     ;
; circuit3.bdf                  ;
; circuit4.bdf                  ;
; circuit5.bdf                  ;
; circuit6.bdf                  ;
; clockDivider.v                ;
; comparator4bit.bdf            ;
; comparator8bit.bdf            ;
; comparator8bit.bsf            ;
; controlunit.bdf               ;
; controlunit.bsf               ;
; counter.bdf                   ;
; coursework.qpf                ;
; coursework.qsf                ;
; displayDriver.bdf             ;
; dmem.v                        ;
; enabledresettableflipflop.bdf ;
; enabledresettableflipflop.bsf ;
; flipflopd.bdf                 ;
; fourbitsadder.bdf             ;
; fourinputmux32.bdf            ;
; halfadder.bdf                 ;
; latchd.bdf                    ;
; leftshift.bdf                 ;
; leftshift.bsf                 ;
; leftshift25.bdf               ;
; leftshift25.bsf               ;
; maindecoder.bdf               ;
; multiplexer.bdf               ;
; mux1.bsf                      ;
; mux3.bdf                      ;
; mux3.bsf                      ;
; mux4.bdf                      ;
; mux5.bdf                      ;
; mux8.bdf                      ;
; mux8.bsf                      ;
; mux16.bdf                     ;
; mux16.bsf                     ;
; mux32.bdf                     ;
; mux32.bsf                     ;
; newpc.bdf                     ;
; newreg32.bdf                  ;
; outputv4.bdf                  ;
; processor.bdf                 ;
; programcounter.bdf            ;
; programcounter.bsf            ;
; programCounter.v              ;
; programcounter32.v            ;
; programcounter32new.bsf       ;
; regfile.v                     ;
; register32.bsf                ;
; register32_en.bsf             ;
; register32en.v                ;
; resetableflipflop.bdf         ;
; resettableflipflop.bdf        ;
; resettableflipflop.bsf        ;
; rom.bsf                       ;
; ROM.vhd                       ;
; segmentcircuit0.bdf           ;
; segmentcircuit1.bdf           ;
; segmentcircuit2.bdf           ;
; sevensegmentcircuit2.bdf      ;
; sevensegmentcircuit2.bsf      ;
; signextend.bdf                ;
; signextend.bsf                ;
; srlatch.bdf                   ;
; zeroextend.bdf                ;
+-------------------------------+


